###############################################################################
#
# IAR ELF Linker V8.32.1.169/W32 for ARM                  07/Jul/2024  15:46:40
# Copyright 2007-2018 IAR Systems AB.
#
#    Output file  =  
#        C:\Users\86136\Desktop\蓝场单项赛\2024一车底盘_20240424\2024一车底盘_20240625_1\2024一车底盘_20240605_38s\2024一车底盘_V1(1)\2024一车底盘_V1.1\EWARM\RTS_DJI_C\Exe\RTS_DJI_C.out
#    Map file     =  
#        C:\Users\86136\Desktop\蓝场单项赛\2024一车底盘_20240424\2024一车底盘_20240625_1\2024一车底盘_20240605_38s\2024一车底盘_V1(1)\2024一车底盘_V1.1\EWARM\RTS_DJI_C\List\RTS_DJI_C.map
#    Command line =  
#        -f C:\Users\86136\AppData\Local\Temp\EW50B4.tmp
#        ("C:\Users\86136\Desktop\蓝场单项赛\2024一车底盘_20240424\2024一车底盘_20240625_1\2024一车底盘_20240605_38s\2024一车底盘_V1(1)\2024一车底盘_V1.1\EWARM\RTS_DJI_C\Obj\ACTION.o"
#        "C:\Users\86136\Desktop\蓝场单项赛\2024一车底盘_20240424\2024一车底盘_20240625_1\2024一车底盘_20240605_38s\2024一车底盘_V1(1)\2024一车底盘_V1.1\EWARM\RTS_DJI_C\Obj\Callback.o"
#        "C:\Users\86136\Desktop\蓝场单项赛\2024一车底盘_20240424\2024一车底盘_20240625_1\2024一车底盘_20240605_38s\2024一车底盘_V1(1)\2024一车底盘_V1.1\EWARM\RTS_DJI_C\Obj\can.o"
#        "C:\Users\86136\Desktop\蓝场单项赛\2024一车底盘_20240424\2024一车底盘_20240625_1\2024一车底盘_20240605_38s\2024一车底盘_V1(1)\2024一车底盘_V1.1\EWARM\RTS_DJI_C\Obj\cmsis_os2.o"
#        "C:\Users\86136\Desktop\蓝场单项赛\2024一车底盘_20240424\2024一车底盘_20240625_1\2024一车底盘_20240605_38s\2024一车底盘_V1(1)\2024一车底盘_V1.1\EWARM\RTS_DJI_C\Obj\croutine.o"
#        "C:\Users\86136\Desktop\蓝场单项赛\2024一车底盘_20240424\2024一车底盘_20240625_1\2024一车底盘_20240605_38s\2024一车底盘_V1(1)\2024一车底盘_V1.1\EWARM\RTS_DJI_C\Obj\event_groups.o"
#        "C:\Users\86136\Desktop\蓝场单项赛\2024一车底盘_20240424\2024一车底盘_20240625_1\2024一车底盘_20240605_38s\2024一车底盘_V1(1)\2024一车底盘_V1.1\EWARM\RTS_DJI_C\Obj\freertos.o"
#        "C:\Users\86136\Desktop\蓝场单项赛\2024一车底盘_20240424\2024一车底盘_20240625_1\2024一车底盘_20240605_38s\2024一车底盘_V1(1)\2024一车底盘_V1.1\EWARM\RTS_DJI_C\Obj\GO-M8010-6.o"
#        "C:\Users\86136\Desktop\蓝场单项赛\2024一车底盘_20240424\2024一车底盘_20240625_1\2024一车底盘_20240605_38s\2024一车底盘_V1(1)\2024一车底盘_V1.1\EWARM\RTS_DJI_C\Obj\gpio.o"
#        "C:\Users\86136\Desktop\蓝场单项赛\2024一车底盘_20240424\2024一车底盘_20240625_1\2024一车底盘_20240605_38s\2024一车底盘_V1(1)\2024一车底盘_V1.1\EWARM\RTS_DJI_C\Obj\heap_4.o"
#        "C:\Users\86136\Desktop\蓝场单项赛\2024一车底盘_20240424\2024一车底盘_20240625_1\2024一车底盘_20240605_38s\2024一车底盘_V1(1)\2024一车底盘_V1.1\EWARM\RTS_DJI_C\Obj\list.o"
#        "C:\Users\86136\Desktop\蓝场单项赛\2024一车底盘_20240424\2024一车底盘_20240625_1\2024一车底盘_20240605_38s\2024一车底盘_V1(1)\2024一车底盘_V1.1\EWARM\RTS_DJI_C\Obj\M3508.o"
#        "C:\Users\86136\Desktop\蓝场单项赛\2024一车底盘_20240424\2024一车底盘_20240625_1\2024一车底盘_20240605_38s\2024一车底盘_V1(1)\2024一车底盘_V1.1\EWARM\RTS_DJI_C\Obj\main.o"
#        "C:\Users\86136\Desktop\蓝场单项赛\2024一车底盘_20240424\2024一车底盘_20240625_1\2024一车底盘_20240605_38s\2024一车底盘_V1(1)\2024一车底盘_V1.1\EWARM\RTS_DJI_C\Obj\ODRIVE.o"
#        "C:\Users\86136\Desktop\蓝场单项赛\2024一车底盘_20240424\2024一车底盘_20240625_1\2024一车底盘_20240605_38s\2024一车底盘_V1(1)\2024一车底盘_V1.1\EWARM\RTS_DJI_C\Obj\PID.o"
#        "C:\Users\86136\Desktop\蓝场单项赛\2024一车底盘_20240424\2024一车底盘_20240625_1\2024一车底盘_20240605_38s\2024一车底盘_V1(1)\2024一车底盘_V1.1\EWARM\RTS_DJI_C\Obj\port.o"
#        "C:\Users\86136\Desktop\蓝场单项赛\2024一车底盘_20240424\2024一车底盘_20240625_1\2024一车底盘_20240605_38s\2024一车底盘_V1(1)\2024一车底盘_V1.1\EWARM\RTS_DJI_C\Obj\portasm.o"
#        "C:\Users\86136\Desktop\蓝场单项赛\2024一车底盘_20240424\2024一车底盘_20240625_1\2024一车底盘_20240605_38s\2024一车底盘_V1(1)\2024一车底盘_V1.1\EWARM\RTS_DJI_C\Obj\queue.o"
#        "C:\Users\86136\Desktop\蓝场单项赛\2024一车底盘_20240424\2024一车底盘_20240625_1\2024一车底盘_20240605_38s\2024一车底盘_V1(1)\2024一车底盘_V1.1\EWARM\RTS_DJI_C\Obj\RobotControl.o"
#        "C:\Users\86136\Desktop\蓝场单项赛\2024一车底盘_20240424\2024一车底盘_20240625_1\2024一车底盘_20240605_38s\2024一车底盘_V1(1)\2024一车底盘_V1.1\EWARM\RTS_DJI_C\Obj\SBUS.o"
#        "C:\Users\86136\Desktop\蓝场单项赛\2024一车底盘_20240424\2024一车底盘_20240625_1\2024一车底盘_20240605_38s\2024一车底盘_V1(1)\2024一车底盘_V1.1\EWARM\RTS_DJI_C\Obj\spi.o"
#        "C:\Users\86136\Desktop\蓝场单项赛\2024一车底盘_20240424\2024一车底盘_20240625_1\2024一车底盘_20240605_38s\2024一车底盘_V1(1)\2024一车底盘_V1.1\EWARM\RTS_DJI_C\Obj\startup_stm32f407xx.o"
#        "C:\Users\86136\Desktop\蓝场单项赛\2024一车底盘_20240424\2024一车底盘_20240625_1\2024一车底盘_20240605_38s\2024一车底盘_V1(1)\2024一车底盘_V1.1\EWARM\RTS_DJI_C\Obj\stm32f4xx_hal.o"
#        "C:\Users\86136\Desktop\蓝场单项赛\2024一车底盘_20240424\2024一车底盘_20240625_1\2024一车底盘_20240605_38s\2024一车底盘_V1(1)\2024一车底盘_V1.1\EWARM\RTS_DJI_C\Obj\stm32f4xx_hal_can.o"
#        "C:\Users\86136\Desktop\蓝场单项赛\2024一车底盘_20240424\2024一车底盘_20240625_1\2024一车底盘_20240605_38s\2024一车底盘_V1(1)\2024一车底盘_V1.1\EWARM\RTS_DJI_C\Obj\stm32f4xx_hal_cortex.o"
#        "C:\Users\86136\Desktop\蓝场单项赛\2024一车底盘_20240424\2024一车底盘_20240625_1\2024一车底盘_20240605_38s\2024一车底盘_V1(1)\2024一车底盘_V1.1\EWARM\RTS_DJI_C\Obj\stm32f4xx_hal_dma.o"
#        "C:\Users\86136\Desktop\蓝场单项赛\2024一车底盘_20240424\2024一车底盘_20240625_1\2024一车底盘_20240605_38s\2024一车底盘_V1(1)\2024一车底盘_V1.1\EWARM\RTS_DJI_C\Obj\stm32f4xx_hal_dma_ex.o"
#        "C:\Users\86136\Desktop\蓝场单项赛\2024一车底盘_20240424\2024一车底盘_20240625_1\2024一车底盘_20240605_38s\2024一车底盘_V1(1)\2024一车底盘_V1.1\EWARM\RTS_DJI_C\Obj\stm32f4xx_hal_exti.o"
#        "C:\Users\86136\Desktop\蓝场单项赛\2024一车底盘_20240424\2024一车底盘_20240625_1\2024一车底盘_20240605_38s\2024一车底盘_V1(1)\2024一车底盘_V1.1\EWARM\RTS_DJI_C\Obj\stm32f4xx_hal_flash.o"
#        "C:\Users\86136\Desktop\蓝场单项赛\2024一车底盘_20240424\2024一车底盘_20240625_1\2024一车底盘_20240605_38s\2024一车底盘_V1(1)\2024一车底盘_V1.1\EWARM\RTS_DJI_C\Obj\stm32f4xx_hal_flash_ex.o"
#        "C:\Users\86136\Desktop\蓝场单项赛\2024一车底盘_20240424\2024一车底盘_20240625_1\2024一车底盘_20240605_38s\2024一车底盘_V1(1)\2024一车底盘_V1.1\EWARM\RTS_DJI_C\Obj\stm32f4xx_hal_flash_ramfunc.o"
#        "C:\Users\86136\Desktop\蓝场单项赛\2024一车底盘_20240424\2024一车底盘_20240625_1\2024一车底盘_20240605_38s\2024一车底盘_V1(1)\2024一车底盘_V1.1\EWARM\RTS_DJI_C\Obj\stm32f4xx_hal_gpio.o"
#        "C:\Users\86136\Desktop\蓝场单项赛\2024一车底盘_20240424\2024一车底盘_20240625_1\2024一车底盘_20240605_38s\2024一车底盘_V1(1)\2024一车底盘_V1.1\EWARM\RTS_DJI_C\Obj\stm32f4xx_hal_msp.o"
#        "C:\Users\86136\Desktop\蓝场单项赛\2024一车底盘_20240424\2024一车底盘_20240625_1\2024一车底盘_20240605_38s\2024一车底盘_V1(1)\2024一车底盘_V1.1\EWARM\RTS_DJI_C\Obj\stm32f4xx_hal_pwr.o"
#        "C:\Users\86136\Desktop\蓝场单项赛\2024一车底盘_20240424\2024一车底盘_20240625_1\2024一车底盘_20240605_38s\2024一车底盘_V1(1)\2024一车底盘_V1.1\EWARM\RTS_DJI_C\Obj\stm32f4xx_hal_pwr_ex.o"
#        "C:\Users\86136\Desktop\蓝场单项赛\2024一车底盘_20240424\2024一车底盘_20240625_1\2024一车底盘_20240605_38s\2024一车底盘_V1(1)\2024一车底盘_V1.1\EWARM\RTS_DJI_C\Obj\stm32f4xx_hal_rcc.o"
#        "C:\Users\86136\Desktop\蓝场单项赛\2024一车底盘_20240424\2024一车底盘_20240625_1\2024一车底盘_20240605_38s\2024一车底盘_V1(1)\2024一车底盘_V1.1\EWARM\RTS_DJI_C\Obj\stm32f4xx_hal_rcc_ex.o"
#        "C:\Users\86136\Desktop\蓝场单项赛\2024一车底盘_20240424\2024一车底盘_20240625_1\2024一车底盘_20240605_38s\2024一车底盘_V1(1)\2024一车底盘_V1.1\EWARM\RTS_DJI_C\Obj\stm32f4xx_hal_spi.o"
#        "C:\Users\86136\Desktop\蓝场单项赛\2024一车底盘_20240424\2024一车底盘_20240625_1\2024一车底盘_20240605_38s\2024一车底盘_V1(1)\2024一车底盘_V1.1\EWARM\RTS_DJI_C\Obj\stm32f4xx_hal_tim.o"
#        "C:\Users\86136\Desktop\蓝场单项赛\2024一车底盘_20240424\2024一车底盘_20240625_1\2024一车底盘_20240605_38s\2024一车底盘_V1(1)\2024一车底盘_V1.1\EWARM\RTS_DJI_C\Obj\stm32f4xx_hal_tim_ex.o"
#        "C:\Users\86136\Desktop\蓝场单项赛\2024一车底盘_20240424\2024一车底盘_20240625_1\2024一车底盘_20240605_38s\2024一车底盘_V1(1)\2024一车底盘_V1.1\EWARM\RTS_DJI_C\Obj\stm32f4xx_hal_uart.o"
#        "C:\Users\86136\Desktop\蓝场单项赛\2024一车底盘_20240424\2024一车底盘_20240625_1\2024一车底盘_20240605_38s\2024一车底盘_V1(1)\2024一车底盘_V1.1\EWARM\RTS_DJI_C\Obj\stm32f4xx_it.o"
#        "C:\Users\86136\Desktop\蓝场单项赛\2024一车底盘_20240424\2024一车底盘_20240625_1\2024一车底盘_20240605_38s\2024一车底盘_V1(1)\2024一车底盘_V1.1\EWARM\RTS_DJI_C\Obj\stream_buffer.o"
#        "C:\Users\86136\Desktop\蓝场单项赛\2024一车底盘_20240424\2024一车底盘_20240625_1\2024一车底盘_20240605_38s\2024一车底盘_V1(1)\2024一车底盘_V1.1\EWARM\RTS_DJI_C\Obj\system_stm32f4xx.o"
#        "C:\Users\86136\Desktop\蓝场单项赛\2024一车底盘_20240424\2024一车底盘_20240625_1\2024一车底盘_20240605_38s\2024一车底盘_V1(1)\2024一车底盘_V1.1\EWARM\RTS_DJI_C\Obj\tasks.o"
#        "C:\Users\86136\Desktop\蓝场单项赛\2024一车底盘_20240424\2024一车底盘_20240625_1\2024一车底盘_20240605_38s\2024一车底盘_V1(1)\2024一车底盘_V1.1\EWARM\RTS_DJI_C\Obj\tim.o"
#        "C:\Users\86136\Desktop\蓝场单项赛\2024一车底盘_20240424\2024一车底盘_20240625_1\2024一车底盘_20240605_38s\2024一车底盘_V1(1)\2024一车底盘_V1.1\EWARM\RTS_DJI_C\Obj\timers.o"
#        "C:\Users\86136\Desktop\蓝场单项赛\2024一车底盘_20240424\2024一车底盘_20240625_1\2024一车底盘_20240605_38s\2024一车底盘_V1(1)\2024一车底盘_V1.1\EWARM\RTS_DJI_C\Obj\usart.o"
#        --no_out_extension -o
#        "C:\Users\86136\Desktop\蓝场单项赛\2024一车底盘_20240424\2024一车底盘_20240625_1\2024一车底盘_20240605_38s\2024一车底盘_V1(1)\2024一车底盘_V1.1\EWARM\RTS_DJI_C\Exe\RTS_DJI_C.out"
#        --redirect _Printf=_PrintfFullNoMb --redirect _Scanf=_ScanfFullNoMb
#        --map
#        "C:\Users\86136\Desktop\蓝场单项赛\2024一车底盘_20240424\2024一车底盘_20240625_1\2024一车底盘_20240605_38s\2024一车底盘_V1(1)\2024一车底盘_V1.1\EWARM\RTS_DJI_C\List\RTS_DJI_C.map"
#        --config
#        "C:\Users\86136\Desktop\蓝场单项赛\2024一车底盘_20240424\2024一车底盘_20240625_1\2024一车底盘_20240605_38s\2024一车底盘_V1(1)\2024一车底盘_V1.1\EWARM/stm32f407xx_flash.icf"
#        --semihosting --entry __iar_program_start --vfe --text_out locale)
#
###############################################################################

*******************************************************************************
*** RUNTIME MODEL ATTRIBUTES
***

CppFlavor       = *
__SystemLibrary = DLib
__dlib_version  = 6


*******************************************************************************
*** HEAP SELECTION
***

The basic heap was selected because no calls to memory allocation
functions were found in the application outside of system library
functions, and there are calls to deallocation functions in the
application.


*******************************************************************************
*** PLACEMENT SUMMARY
***

"A0":  place at 0x800'0000 { ro section .intvec };
"P1":  place in [from 0x800'0000 to 0x80f'ffff] { ro };
define block CSTACK with size = 1K, alignment = 8 { };
define block HEAP with size = 512, alignment = 8 { };
"P2":  place in [from 0x2000'0000 to 0x2001'ffff] {
          rw, block CSTACK, block HEAP };
initialize by copy { rw };

  Section            Kind         Address    Size  Object
  -------            ----         -------    ----  ------
"A0":                                       0x188
  .intvec            ro code   0x800'0000   0x188  startup_stm32f407xx.o [1]
                             - 0x800'0188   0x188

"P1":                                      0x9881
  .text              ro code   0x800'0188  0x1238  freertos.o [1]
  .text              ro code   0x800'13c0   0x1c0  cmsis_os2.o [1]
  .text              ro code   0x800'1580   0x608  SBUS.o [1]
  .text              ro code   0x800'1b88   0xa3c  stm32f4xx_hal_uart.o [1]
  .text              ro code   0x800'25c4   0x262  PID.o [1]
  .text              ro code   0x800'2826    0x3a  zero_init3.o [4]
  .text              ro code   0x800'2860   0x160  ACTION.o [1]
  .text              ro code   0x800'29c0  0x1220  RobotControl.o [1]
  .text              ro code   0x800'3be0   0x55c  M3508.o [1]
  .text              ro code   0x800'413c   0xa70  tasks.o [1]
  .text              ro code   0x800'4bac    0x48  FltToDbl.o [3]
  .text              ro code   0x800'4bf4   0x1a2  DblMul.o [3]
  .rodata            const     0x800'4d96     0x1  ACTION.o [1]
  .text              ro code   0x800'4d98   0x246  DblDiv.o [3]
  .text              ro code   0x800'4fe0   0x17a  DblAdd.o [3]
  .text              ro code   0x800'515c    0x68  DblToFlt.o [3]
  .text              ro code   0x800'51c4    0x22  S32ToDbl.o [3]
  .text              ro code   0x800'51e8   0x32c  usart.o [1]
  .text              ro code   0x800'5514     0xc  stm32f4xx_hal.o [1]
  .text              ro code   0x800'5520    0xc4  stm32f4xx_hal_dma.o [1]
  .text              ro code   0x800'55e4     0x2  stm32f4xx_hal_uart.o [1]
  .text              ro code   0x800'55e8    0xb8  Callback.o [1]
  .text              ro code   0x800'56a0     0x2  stm32f4xx_hal_uart.o [1]
  .text              ro code   0x800'56a4   0x22c  stm32f4xx_hal_rcc.o [1]
  .text              ro code   0x800'58d0   0x230  I64DivMod.o [4]
  .text              ro code   0x800'5b00    0x2e  DblCmpLe.o [3]
  .text              ro code   0x800'5b30    0x1e  math_wrappers64.o [3]
  .text              ro code   0x800'5b50    0xe2  DblSub.o [3]
  .text              ro code   0x800'5c34    0x3a  DblToS32.o [3]
  .text              ro code   0x800'5c70    0x2e  DblCmpGe.o [3]
  .text              ro code   0x800'5ca0   0x7dc  stm32f4xx_hal_can.o [1]
  .text              ro code   0x800'647c   0x288  heap_4.o [1]
  .text              ro code   0x800'6704    0x66  ABImemset.o [4]
  .text              ro code   0x800'676a    0x9a  list.o [1]
  .text              ro code   0x800'6804   0x25c  port.o [1]
  .text              ro code   0x800'6a60   0x4d4  timers.o [1]
  .text              ro code   0x800'6f34    0xec  main.o [1]
  .text              ro code   0x800'7020     0x6  ABImemclr4.o [4]
  .text              ro code   0x800'7028   0x282  stm32f4xx_hal_gpio.o [1]
  .text              ro code   0x800'72ac   0x158  stm32f4xx_hal_cortex.o [1]
  .text              ro code   0x800'7404    0x4c  stm32f4xx_hal.o [1]
  .text              ro code   0x800'7450     0x2  I64DivZer.o [4]
  .text              ro code   0x800'7454   0x444  cos_sin64.o [3]
  .text              ro code   0x800'7898   0x268  can.o [1]
  .text              ro code   0x800'7b00     0x2  stm32f4xx_hal_can.o [1]
  .text              ro code   0x800'7b02     0x2  stm32f4xx_hal_can.o [1]
  .text              ro code   0x800'7b04     0x2  stm32f4xx_hal_can.o [1]
  .text              ro code   0x800'7b06     0x2  stm32f4xx_hal_can.o [1]
  .text              ro code   0x800'7b08     0x2  stm32f4xx_hal_can.o [1]
  .text              ro code   0x800'7b0a     0x2  stm32f4xx_hal_can.o [1]
  .text              ro code   0x800'7b0c     0x2  stm32f4xx_hal_can.o [1]
  .text              ro code   0x800'7b0e     0x2  stm32f4xx_hal_can.o [1]
  .text              ro code   0x800'7b10     0x2  stm32f4xx_hal_can.o [1]
  .text              ro code   0x800'7b12     0x2  stm32f4xx_hal_can.o [1]
  .text              ro code   0x800'7b14     0x2  stm32f4xx_hal_can.o [1]
  .text              ro code   0x800'7b16     0x2  stm32f4xx_hal_can.o [1]
  CODE               ro code   0x800'7b18    0xb0  portasm.o [1]
  .text              ro code   0x800'7bc8    0x18  cmsis_os2.o [1]
  .text              ro code   0x800'7be0   0x774  queue.o [1]
  .text              ro code   0x800'8354    0x34  stm32f4xx_hal.o [1]
  .text              ro code   0x800'8388   0x124  gpio.o [1]
  .text              ro code   0x800'84ac   0x150  tim.o [1]
  .text              ro code   0x800'85fc    0xc4  spi.o [1]
  .text              ro code   0x800'86c0   0x3ec  stm32f4xx_hal_rcc.o [1]
  .text              ro code   0x800'8aac    0x32  ABImemset48.o [4]
  .text              ro code   0x800'8ae0    0xa6  ABImemcpy.o [4]
  .text              ro code   0x800'8b88    0x48  stm32f4xx_hal_msp.o [1]
  .text              ro code   0x800'8bd0   0x732  stm32f4xx_hal_tim.o [1]
  .text              ro code   0x800'9304    0xac  stm32f4xx_hal_tim_ex.o [1]
  .text              ro code   0x800'93b0    0xce  stm32f4xx_hal_spi.o [1]
  .text              ro code   0x800'947e     0x2  stm32f4xx_hal_tim.o [1]
  .text              ro code   0x800'9480     0x2  stm32f4xx_hal_tim.o [1]
  .text              ro code   0x800'9482     0x2  stm32f4xx_hal_tim.o [1]
  .text              ro code   0x800'9484     0x2  stm32f4xx_hal_tim.o [1]
  .text              ro code   0x800'9486     0x2  stm32f4xx_hal_tim.o [1]
  .text              ro code   0x800'9488     0x2  stm32f4xx_hal_tim_ex.o [1]
  .text              ro code   0x800'948a     0x2  stm32f4xx_hal_tim.o [1]
  .text              ro code   0x800'948c     0x2  stm32f4xx_hal_tim_ex.o [1]
  .text              ro code   0x800'9490    0x80  stm32f4xx_it.o [1]
  .text              ro code   0x800'9510    0x18  stm32f4xx_hal.o [1]
  .text              ro code   0x800'9528    0x38  packbits_init_single.o [4]
  .text              ro code   0x800'9560    0x28  data_init.o [4]
  .rodata            const     0x800'9588    0x24  freertos.o [1]
  .rodata            const     0x800'95ac    0x24  freertos.o [1]
  .rodata            const     0x800'95d0    0x24  freertos.o [1]
  .rodata            const     0x800'95f4    0x24  freertos.o [1]
  .rodata            const     0x800'9618    0x24  freertos.o [1]
  .rodata            const     0x800'963c    0x24  freertos.o [1]
  .rodata            const     0x800'9660    0x24  freertos.o [1]
  .rodata            const     0x800'9684    0x24  freertos.o [1]
  .rodata            const     0x800'96a8    0x24  freertos.o [1]
  .text              ro code   0x800'96cc    0x22  fpinit_M.o [3]
  .iar.init_table    const     0x800'96f0    0x20  - Linker created -
  .text              ro code   0x800'9710    0x1e  cmain.o [4]
  .text              ro code   0x800'972e     0x4  low_level_init.o [2]
  .text              ro code   0x800'9732     0x4  exit.o [2]
  .text              ro code   0x800'9738     0xa  cexit.o [4]
  .text              ro code   0x800'9744    0x14  exit.o [5]
  .rodata            const     0x800'9758    0x10  freertos.o [1]
  .rodata            const     0x800'9768    0x10  freertos.o [1]
  .rodata            const     0x800'9778    0x10  system_stm32f4xx.o [1]
  .text              ro code   0x800'9788    0x10  startup_stm32f407xx.o [1]
  .text              ro code   0x800'9798    0x10  system_stm32f4xx.o [1]
  .rodata            const     0x800'97a8     0xc  freertos.o [1]
  .rodata            const     0x800'97b4     0xc  freertos.o [1]
  .rodata            const     0x800'97c0     0xc  freertos.o [1]
  .text              ro code   0x800'97cc     0xc  cstartup_M.o [4]
  .rodata            const     0x800'97d8     0x8  freertos.o [1]
  .rodata            const     0x800'97e0     0x8  freertos.o [1]
  .rodata            const     0x800'97e8     0x8  freertos.o [1]
  .rodata            const     0x800'97f0     0x8  freertos.o [1]
  .rodata            const     0x800'97f8     0x8  RobotControl.o [1]
  .rodata            const     0x800'9800     0x8  RobotControl.o [1]
  .rodata            const     0x800'9808     0x8  RobotControl.o [1]
  .rodata            const     0x800'9810     0x8  system_stm32f4xx.o [1]
  .rodata            const     0x800'9818     0x8  tasks.o [1]
  .rodata            const     0x800'9820     0x8  tim.o [1]
  .rodata            const     0x800'9828     0x8  timers.o [1]
  .rodata            const     0x800'9830     0x8  timers.o [1]
  .rodata            const     0x800'9838     0x4  heap_4.o [1]
  .rodata            const     0x800'983c     0x4  port.o [1]
  .text              ro code   0x800'9840     0x4  startup_stm32f407xx.o [1]
  .text              ro code   0x800'9844     0x4  startup_stm32f407xx.o [1]
  .text              ro code   0x800'9848     0x4  startup_stm32f407xx.o [1]
  .text              ro code   0x800'984c     0x4  startup_stm32f407xx.o [1]
  .text              ro code   0x800'9850     0x4  startup_stm32f407xx.o [1]
  .text              ro code   0x800'9854     0x4  startup_stm32f407xx.o [1]
  .text              ro code   0x800'9858     0x4  startup_stm32f407xx.o [1]
  .text              ro code   0x800'985c     0x4  startup_stm32f407xx.o [1]
  .text              ro code   0x800'9860     0x4  startup_stm32f407xx.o [1]
  .text              ro code   0x800'9864     0x4  startup_stm32f407xx.o [1]
  .text              ro code   0x800'9868     0x4  startup_stm32f407xx.o [1]
  .text              ro code   0x800'986c     0x4  startup_stm32f407xx.o [1]
  .text              ro code   0x800'9870     0x4  startup_stm32f407xx.o [1]
  .text              ro code   0x800'9874     0x4  startup_stm32f407xx.o [1]
  .text              ro code   0x800'9878     0x4  startup_stm32f407xx.o [1]
  .text              ro code   0x800'987c     0x4  startup_stm32f407xx.o [1]
  .text              ro code   0x800'9880     0x4  startup_stm32f407xx.o [1]
  .text              ro code   0x800'9884     0x4  startup_stm32f407xx.o [1]
  .text              ro code   0x800'9888     0x4  startup_stm32f407xx.o [1]
  .text              ro code   0x800'988c     0x4  startup_stm32f407xx.o [1]
  .text              ro code   0x800'9890     0x4  startup_stm32f407xx.o [1]
  .text              ro code   0x800'9894     0x4  startup_stm32f407xx.o [1]
  .text              ro code   0x800'9898     0x4  startup_stm32f407xx.o [1]
  .text              ro code   0x800'989c     0x4  startup_stm32f407xx.o [1]
  .text              ro code   0x800'98a0     0x4  startup_stm32f407xx.o [1]
  .text              ro code   0x800'98a4     0x4  startup_stm32f407xx.o [1]
  .text              ro code   0x800'98a8     0x4  startup_stm32f407xx.o [1]
  .text              ro code   0x800'98ac     0x4  startup_stm32f407xx.o [1]
  .text              ro code   0x800'98b0     0x4  startup_stm32f407xx.o [1]
  .text              ro code   0x800'98b4     0x4  startup_stm32f407xx.o [1]
  .text              ro code   0x800'98b8     0x4  startup_stm32f407xx.o [1]
  .text              ro code   0x800'98bc     0x4  startup_stm32f407xx.o [1]
  .text              ro code   0x800'98c0     0x4  startup_stm32f407xx.o [1]
  .text              ro code   0x800'98c4     0x4  startup_stm32f407xx.o [1]
  .text              ro code   0x800'98c8     0x4  startup_stm32f407xx.o [1]
  .text              ro code   0x800'98cc     0x4  startup_stm32f407xx.o [1]
  .text              ro code   0x800'98d0     0x4  startup_stm32f407xx.o [1]
  .text              ro code   0x800'98d4     0x4  startup_stm32f407xx.o [1]
  .text              ro code   0x800'98d8     0x4  startup_stm32f407xx.o [1]
  .text              ro code   0x800'98dc     0x4  startup_stm32f407xx.o [1]
  .text              ro code   0x800'98e0     0x4  startup_stm32f407xx.o [1]
  .text              ro code   0x800'98e4     0x4  startup_stm32f407xx.o [1]
  .text              ro code   0x800'98e8     0x4  startup_stm32f407xx.o [1]
  .text              ro code   0x800'98ec     0x4  startup_stm32f407xx.o [1]
  .text              ro code   0x800'98f0     0x4  startup_stm32f407xx.o [1]
  .text              ro code   0x800'98f4     0x4  startup_stm32f407xx.o [1]
  .text              ro code   0x800'98f8     0x4  startup_stm32f407xx.o [1]
  .text              ro code   0x800'98fc     0x4  startup_stm32f407xx.o [1]
  .text              ro code   0x800'9900     0x4  startup_stm32f407xx.o [1]
  .text              ro code   0x800'9904     0x4  startup_stm32f407xx.o [1]
  .text              ro code   0x800'9908     0x4  startup_stm32f407xx.o [1]
  .text              ro code   0x800'990c     0x4  startup_stm32f407xx.o [1]
  .text              ro code   0x800'9910     0x4  startup_stm32f407xx.o [1]
  .text              ro code   0x800'9914     0x4  startup_stm32f407xx.o [1]
  .text              ro code   0x800'9918     0x4  startup_stm32f407xx.o [1]
  .text              ro code   0x800'991c     0x4  startup_stm32f407xx.o [1]
  .text              ro code   0x800'9920     0x4  startup_stm32f407xx.o [1]
  .text              ro code   0x800'9924     0x4  startup_stm32f407xx.o [1]
  .text              ro code   0x800'9928     0x4  startup_stm32f407xx.o [1]
  .text              ro code   0x800'992c     0x4  startup_stm32f407xx.o [1]
  .text              ro code   0x800'9930     0x4  startup_stm32f407xx.o [1]
  .text              ro code   0x800'9934     0x4  startup_stm32f407xx.o [1]
  .text              ro code   0x800'9938     0x4  startup_stm32f407xx.o [1]
  .text              ro code   0x800'993c     0x4  startup_stm32f407xx.o [1]
  .text              ro code   0x800'9940     0x4  startup_stm32f407xx.o [1]
  .text              ro code   0x800'9944     0x4  startup_stm32f407xx.o [1]
  .text              ro code   0x800'9948     0x4  startup_stm32f407xx.o [1]
  .text              ro code   0x800'994c     0x4  startup_stm32f407xx.o [1]
  .text              ro code   0x800'9950     0x4  startup_stm32f407xx.o [1]
  .text              ro code   0x800'9954     0x4  startup_stm32f407xx.o [1]
  .text              ro code   0x800'9958     0x4  startup_stm32f407xx.o [1]
  .text              ro code   0x800'995c     0x4  startup_stm32f407xx.o [1]
  .text              ro code   0x800'9960     0x4  startup_stm32f407xx.o [1]
  .text              ro code   0x800'9964     0x4  startup_stm32f407xx.o [1]
  .rodata            const     0x800'9968     0x0  zero_init3.o [4]
  .rodata            const     0x800'9968     0x0  packbits_init_single.o [4]
  Initializer bytes  const     0x800'9968    0xa1  <for P2-1>
                             - 0x800'9a09  0x9881

"P2", part 1 of 3:                          0x1b3
  P2-1                        0x2000'0000   0x1b3  <Init block>
    .data            inited   0x2000'0000    0x24  M3508.o [1]
    .data            inited   0x2000'0024    0x24  M3508.o [1]
    .data            inited   0x2000'0048    0x24  M3508.o [1]
    .data            inited   0x2000'006c    0x24  M3508.o [1]
    .data            inited   0x2000'0090    0x24  M3508.o [1]
    .data            inited   0x2000'00b4    0x24  M3508.o [1]
    .data            inited   0x2000'00d8    0x24  M3508.o [1]
    .data            inited   0x2000'00fc    0x24  M3508.o [1]
    .data            inited   0x2000'0120     0x4  port.o [1]
    .data            inited   0x2000'0124     0x4  RobotControl.o [1]
    .data            inited   0x2000'0128     0x4  RobotControl.o [1]
    .data            inited   0x2000'012c    0x24  RobotControl.o [1]
    .data            inited   0x2000'0150    0x24  RobotControl.o [1]
    .data            inited   0x2000'0174    0x24  RobotControl.o [1]
    .data            inited   0x2000'0198     0x4  SBUS.o [1]
    .data            inited   0x2000'019c     0x4  stm32f4xx_hal.o [1]
    .data            inited   0x2000'01a0     0x4  system_stm32f4xx.o [1]
    .data            inited   0x2000'01a4     0x8  usart.o [1]
    .data            inited   0x2000'01ac     0x1  stm32f4xx_hal.o [1]
    .data            inited   0x2000'01ad     0x1  usart.o [1]
    .data            inited   0x2000'01ae     0x1  usart.o [1]
    .data            inited   0x2000'01af     0x1  usart.o [1]
    .data            inited   0x2000'01b0     0x1  usart.o [1]
    .data            inited   0x2000'01b1     0x1  usart.o [1]
    .data            inited   0x2000'01b2     0x1  usart.o [1]
                            - 0x2000'01b3   0x1b3

"P2", part 2 of 3:                         0x5284
  .bss               zero     0x2000'01b4  0x3c00  heap_4.o [1]
  .bss               zero     0x2000'3db4   0x460  tasks.o [1]
  .bss               zero     0x2000'4214   0x400  cmsis_os2.o [1]
  .bss               zero     0x2000'4614   0x200  cmsis_os2.o [1]
  .bss               zero     0x2000'4818   0x1b0  M3508.o [1]
  .bss               zero     0x2000'49c8   0x190  freertos.o [1]
  .bss               zero     0x2000'4b58   0x190  freertos.o [1]
  .bss               zero     0x2000'4ce8    0xc4  RobotControl.o [1]
  .bss               zero     0x2000'4dac    0xa0  timers.o [1]
  .bss               zero     0x2000'4e4c    0x64  ACTION.o [1]
  .bss               zero     0x2000'4eb0    0x5c  cmsis_os2.o [1]
  .bss               zero     0x2000'4f0c    0x5c  cmsis_os2.o [1]
  .bss               zero     0x2000'4f68    0x58  spi.o [1]
  .bss               zero     0x2000'4fc0    0x50  timers.o [1]
  .bss               zero     0x2000'5010    0x48  tim.o [1]
  .bss               zero     0x2000'5058    0x44  usart.o [1]
  .bss               zero     0x2000'509c    0x44  usart.o [1]
  .bss               zero     0x2000'50e0    0x44  usart.o [1]
  .bss               zero     0x2000'5124    0x44  usart.o [1]
  .bss               zero     0x2000'5168    0x40  queue.o [1]
  .bss               zero     0x2000'51a8    0x28  can.o [1]
  .bss               zero     0x2000'51d0    0x28  can.o [1]
  .bss               zero     0x2000'51f8    0x24  SBUS.o [1]
  .bss               zero     0x2000'521c    0x20  SBUS.o [1]
  .bss               zero     0x2000'523c    0x18  ACTION.o [1]
  .bss               zero     0x2000'5254    0x14  tasks.o [1]
  .bss               zero     0x2000'5268    0x14  tasks.o [1]
  .bss               zero     0x2000'527c    0x14  tasks.o [1]
  .bss               zero     0x2000'5290    0x14  tasks.o [1]
  .bss               zero     0x2000'52a4    0x14  tasks.o [1]
  .bss               zero     0x2000'52b8    0x14  timers.o [1]
  .bss               zero     0x2000'52cc    0x14  timers.o [1]
  .bss               zero     0x2000'52e0     0xc  SBUS.o [1]
  .bss               zero     0x2000'52ec     0xc  SBUS.o [1]
  .bss               zero     0x2000'52f8     0x8  heap_4.o [1]
  .bss               zero     0x2000'5300     0x8  SBUS.o [1]
  .bss               zero     0x2000'5308     0x8  SBUS.o [1]
  .bss               zero     0x2000'5310     0x4  ACTION.o [1]
  .bss               zero     0x2000'5314     0x4  ACTION.o [1]
  .bss               zero     0x2000'5318     0x4  ACTION.o [1]
  .bss               zero     0x2000'531c     0x4  can.o [1]
  .bss               zero     0x2000'5320     0x4  cmsis_os2.o [1]
  .bss               zero     0x2000'5324     0x4  freertos.o [1]
  .bss               zero     0x2000'5328     0x4  freertos.o [1]
  .bss               zero     0x2000'532c     0x4  freertos.o [1]
  .bss               zero     0x2000'5330     0x4  freertos.o [1]
  .bss               zero     0x2000'5334     0x4  freertos.o [1]
  .bss               zero     0x2000'5338     0x4  freertos.o [1]
  .bss               zero     0x2000'533c     0x4  freertos.o [1]
  .bss               zero     0x2000'5340     0x4  freertos.o [1]
  .bss               zero     0x2000'5344     0x4  freertos.o [1]
  .bss               zero     0x2000'5348     0x4  freertos.o [1]
  .bss               zero     0x2000'534c     0x4  freertos.o [1]
  .bss               zero     0x2000'5350     0x4  freertos.o [1]
  .bss               zero     0x2000'5354     0x4  freertos.o [1]
  .bss               zero     0x2000'5358     0x4  freertos.o [1]
  .bss               zero     0x2000'535c     0x4  heap_4.o [1]
  .bss               zero     0x2000'5360     0x4  heap_4.o [1]
  .bss               zero     0x2000'5364     0x4  heap_4.o [1]
  .bss               zero     0x2000'5368     0x4  heap_4.o [1]
  .bss               zero     0x2000'536c     0x4  heap_4.o [1]
  .bss               zero     0x2000'5370     0x4  heap_4.o [1]
  .bss               zero     0x2000'5374     0x4  port.o [1]
  .bss               zero     0x2000'5378     0x4  RobotControl.o [1]
  .bss               zero     0x2000'537c     0x4  RobotControl.o [1]
  .bss               zero     0x2000'5380     0x4  RobotControl.o [1]
  .bss               zero     0x2000'5384     0x4  RobotControl.o [1]
  .bss               zero     0x2000'5388     0x4  RobotControl.o [1]
  .bss               zero     0x2000'538c     0x4  RobotControl.o [1]
  .bss               zero     0x2000'5390     0x4  RobotControl.o [1]
  .bss               zero     0x2000'5394     0x4  RobotControl.o [1]
  .bss               zero     0x2000'5398     0x4  RobotControl.o [1]
  .bss               zero     0x2000'539c     0x4  RobotControl.o [1]
  .bss               zero     0x2000'53a0     0x4  RobotControl.o [1]
  .bss               zero     0x2000'53a4     0x4  RobotControl.o [1]
  .bss               zero     0x2000'53a8     0x4  RobotControl.o [1]
  .bss               zero     0x2000'53ac     0x4  RobotControl.o [1]
  .bss               zero     0x2000'53b0     0x4  RobotControl.o [1]
  .bss               zero     0x2000'53b4     0x4  RobotControl.o [1]
  .bss               zero     0x2000'53b8     0x4  RobotControl.o [1]
  .bss               zero     0x2000'53bc     0x4  RobotControl.o [1]
  .bss               zero     0x2000'53c0     0x4  RobotControl.o [1]
  .bss               zero     0x2000'53c4     0x4  RobotControl.o [1]
  .bss               zero     0x2000'53c8     0x4  SBUS.o [1]
  .bss               zero     0x2000'53cc     0x4  SBUS.o [1]
  .bss               zero     0x2000'53d0     0x4  stm32f4xx_hal.o [1]
  .bss               zero     0x2000'53d4     0x4  tasks.o [1]
  .bss               zero     0x2000'53d8     0x4  tasks.o [1]
  .bss               zero     0x2000'53dc     0x4  tasks.o [1]
  .bss               zero     0x2000'53e0     0x4  tasks.o [1]
  .bss               zero     0x2000'53e4     0x4  tasks.o [1]
  .bss               zero     0x2000'53e8     0x4  tasks.o [1]
  .bss               zero     0x2000'53ec     0x4  tasks.o [1]
  .bss               zero     0x2000'53f0     0x4  tasks.o [1]
  .bss               zero     0x2000'53f4     0x4  tasks.o [1]
  .bss               zero     0x2000'53f8     0x4  tasks.o [1]
  .bss               zero     0x2000'53fc     0x4  tasks.o [1]
  .bss               zero     0x2000'5400     0x4  tasks.o [1]
  .bss               zero     0x2000'5404     0x4  tasks.o [1]
  .bss               zero     0x2000'5408     0x4  tasks.o [1]
  .bss               zero     0x2000'540c     0x4  tasks.o [1]
  .bss               zero     0x2000'5410     0x4  timers.o [1]
  .bss               zero     0x2000'5414     0x4  timers.o [1]
  .bss               zero     0x2000'5418     0x4  timers.o [1]
  .bss               zero     0x2000'541c     0x4  timers.o [1]
  .bss               zero     0x2000'5420     0x4  timers.o [1]
  .bss               zero     0x2000'5424     0x2  M3508.o [1]
  .bss               zero     0x2000'5426     0x1  ACTION.o [1]
  .bss               zero     0x2000'5427     0x1  ACTION.o [1]
  .bss               zero     0x2000'5428     0x1  ACTION.o [1]
  .bss               zero     0x2000'5429     0x1  ACTION.o [1]
  .bss               zero     0x2000'542a     0x1  freertos.o [1]
  .bss               zero     0x2000'542b     0x1  port.o [1]
  .bss               zero     0x2000'542c     0x1  RobotControl.o [1]
  .bss               zero     0x2000'542d     0x1  RobotControl.o [1]
  .bss               zero     0x2000'542e     0x1  RobotControl.o [1]
  .bss               zero     0x2000'542f     0x1  RobotControl.o [1]
  .bss               zero     0x2000'5430     0x1  SBUS.o [1]
  .bss               zero     0x2000'5431     0x1  SBUS.o [1]
  .bss               zero     0x2000'5432     0x1  SBUS.o [1]
  .bss               zero     0x2000'5433     0x1  SBUS.o [1]
  .bss               zero     0x2000'5434     0x1  SBUS.o [1]
  .bss               zero     0x2000'5435     0x1  SBUS.o [1]
  .bss               zero     0x2000'5436     0x1  SBUS.o [1]
  .bss               zero     0x2000'5437     0x1  SBUS.o [1]
                            - 0x2000'5438  0x5284

"P2", part 3 of 3:                          0x400
  CSTACK                      0x2000'5438   0x400  <Block>
    CSTACK           uninit   0x2000'5438   0x400  <Block tail>
                            - 0x2000'5838   0x400

Unused ranges:

         From           To      Size
         ----           --      ----
   0x800'9a09   0x80f'ffff  0xf'65f7
  0x2000'01b3  0x2000'01b3       0x1
  0x2000'5838  0x2001'ffff  0x1'a7c8


*******************************************************************************
*** INIT TABLE
***

          Address      Size
          -------      ----
Zero (__iar_zero_init3)
    1 destination range, total size 0x5284:
          0x2000'01b4  0x5284

Copy/packbits (__iar_packbits_init_single3)
    1 source range, total size 0xa1 (37% of destination):
           0x800'9968    0xa1
    1 destination range, total size 0x1b3:
          0x2000'0000   0x1b3



*******************************************************************************
*** MODULE SUMMARY
***

    Module                  ro code  ro data  rw data
    ------                  -------  -------  -------
command line/config:
    -------------------------------------------------
    Total:

C:\Users\86136\Desktop\蓝场单项赛\2024一车底盘_20240424\2024一车底盘_20240625_1\2024一车底盘_20240605_38s\2024一车底盘_V1(1)\2024一车底盘_V1.1\EWARM\RTS_DJI_C\Obj: [1]
    ACTION.o                    352        1      140
    Callback.o                  184
    M3508.o                   1 372      106      722
    PID.o                       610
    RobotControl.o            4 640       67      396
    SBUS.o                    1 544        1      128
    can.o                       616                84
    cmsis_os2.o                 472             1 724
    freertos.o                4 664      424      857
    gpio.o                      292
    heap_4.o                    648        4   15 392
    list.o                      154
    main.o                      236
    port.o                      604        6        9
    portasm.o                   176
    queue.o                   1 908                64
    spi.o                       196                88
    startup_stm32f407xx.o       704
    stm32f4xx_hal.o             164        1        9
    stm32f4xx_hal_can.o       2 036
    stm32f4xx_hal_cortex.o      344
    stm32f4xx_hal_dma.o         196
    stm32f4xx_hal_gpio.o        642
    stm32f4xx_hal_msp.o          72
    stm32f4xx_hal_rcc.o       1 560
    stm32f4xx_hal_spi.o         206
    stm32f4xx_hal_tim.o       1 854
    stm32f4xx_hal_tim_ex.o      176
    stm32f4xx_hal_uart.o      2 624
    stm32f4xx_it.o              128
    system_stm32f4xx.o           16       26        4
    tasks.o                   2 672        8    1 280
    tim.o                       336        8       72
    timers.o                  1 236       16      300
    usart.o                     812        6      286
    -------------------------------------------------
    Total:                   34 446      674   21 555

dl7M_tlf.a: [2]
    exit.o                        4
    low_level_init.o              4
    -------------------------------------------------
    Total:                        8

m7M_tls.a: [3]
    DblAdd.o                    378
    DblCmpGe.o                   46
    DblCmpLe.o                   46
    DblDiv.o                    582
    DblMul.o                    418
    DblSub.o                    226
    DblToFlt.o                  104
    DblToS32.o                   58
    FltToDbl.o                   72
    S32ToDbl.o                   34
    cos_sin64.o               1 092
    fpinit_M.o                   34
    math_wrappers64.o            30
    -------------------------------------------------
    Total:                    3 120

rt7M_tl.a: [4]
    ABImemclr4.o                  6
    ABImemcpy.o                 166
    ABImemset.o                 102
    ABImemset48.o                50
    I64DivMod.o                 560
    I64DivZer.o                   2
    cexit.o                      10
    cmain.o                      30
    cstartup_M.o                 12
    data_init.o                  40
    packbits_init_single.o       56
    zero_init3.o                 58
    -------------------------------------------------
    Total:                    1 092

shb_l.a: [5]
    exit.o                       20
    -------------------------------------------------
    Total:                       20

    Gaps                         39        2        4
    Linker created                        32    1 024
-----------------------------------------------------
    Grand Total:             38 725      708   22 583


*******************************************************************************
*** ENTRY LIST
***

Entry                       Address    Size  Type      Object
-----                       -------    ----  ----      ------
.iar.init_table$$Base    0x800'96f0           --   Gb  - Linker created -
.iar.init_table$$Limit   0x800'9710           --   Gb  - Linker created -
?main                    0x800'9711          Code  Gb  cmain.o [4]
ACTIONHandle            0x2000'5340     0x4  Data  Gb  freertos.o [1]
ACTIONTask               0x800'04ed    0x6c  Code  Gb  freertos.o [1]
ACTION_Analyze           0x800'2861    0xfc  Code  Gb  ACTION.o [1]
ACTION_attributes        0x800'95d0    0x24  Data  Gb  freertos.o [1]
ACTION_vaule            0x2000'523c    0x18  Data  Lc  ACTION.o [1]
AHBPrescTable            0x800'9778    0x10  Data  Gb  system_stm32f4xx.o [1]
APBPrescTable            0x800'9810     0x8  Data  Gb  system_stm32f4xx.o [1]
Ack                     0x2000'01af     0x1  Data  Gb  usart.o [1]
Action_Signal_Send       0x800'295d    0x26  Code  Gb  ACTION.o [1]
Action_ch               0x2000'5426     0x1  Data  Gb  ACTION.o [1]
Action_count            0x2000'5428     0x1  Data  Lc  ACTION.o [1]
Action_data             0x2000'53cc     0x4  Data  Lc  SBUS.o [1]
Action_index            0x2000'5436     0x1  Data  Gb  SBUS.o [1]
Action_step             0x2000'5427     0x1  Data  Lc  ACTION.o [1]
Action_x                0x2000'53c0     0x4  Data  Gb  RobotControl.o [1]
Action_y                0x2000'53c4     0x4  Data  Gb  RobotControl.o [1]
BusFault_Handler         0x800'9497     0x2  Code  Gb  stm32f4xx_it.o [1]
CAN1_RX0_IRQHandler      0x800'94b1     0xa  Code  Gb  stm32f4xx_it.o [1]
CSTACK$$Base            0x2000'5438           --   Gb  - Linker created -
CSTACK$$Limit           0x2000'5838           --   Gb  - Linker created -
DebugMon_Handler         0x800'949b     0x2  Code  Gb  stm32f4xx_it.o [1]
EXTI9_5_IRQHandler       0x800'94bb     0xc  Code  Gb  stm32f4xx_it.o [1]
Enable_Command          0x2000'01ae     0x1  Data  Gb  usart.o [1]
Enable_flag             0x2000'542e     0x1  Data  Gb  RobotControl.o [1]
Error_Handler            0x800'701d     0x4  Code  Gb  main.o [1]
HAL_CAN_ActivateNotification
                         0x800'6225    0x34  Code  Gb  stm32f4xx_hal_can.o [1]
HAL_CAN_AddTxMessage     0x800'5f95   0x138  Code  Gb  stm32f4xx_hal_can.o [1]
HAL_CAN_ConfigFilter     0x800'5e0d   0x128  Code  Gb  stm32f4xx_hal_can.o [1]
HAL_CAN_GetRxMessage     0x800'60cd   0x158  Code  Gb  stm32f4xx_hal_can.o [1]
HAL_CAN_IRQHandler       0x800'6259   0x224  Code  Gb  stm32f4xx_hal_can.o [1]
HAL_CAN_Init             0x800'5ca1   0x16c  Code  Gb  stm32f4xx_hal_can.o [1]
HAL_CAN_MspInit          0x800'792d    0xfe  Code  Gb  can.o [1]
HAL_CAN_RxFifo0MsgPendingCallback
                         0x800'55e9    0x2a  Code  Gb  Callback.o [1]
HAL_CAN_Start            0x800'5f35    0x5c  Code  Gb  stm32f4xx_hal_can.o [1]
HAL_DMA_Abort            0x800'5521    0x9c  Code  Gb  stm32f4xx_hal_dma.o [1]
HAL_DMA_Abort_IT         0x800'55bd    0x28  Code  Gb  stm32f4xx_hal_dma.o [1]
HAL_GPIO_EXTI_IRQHandler
                         0x800'724b    0x20  Code  Gb  stm32f4xx_hal_gpio.o [1]
HAL_GPIO_Init            0x800'7029   0x222  Code  Gb  stm32f4xx_hal_gpio.o [1]
HAL_GetTick              0x800'5515     0xc  Code  Wk  stm32f4xx_hal.o [1]
HAL_IncTick              0x800'9511    0x18  Code  Wk  stm32f4xx_hal.o [1]
HAL_Init                 0x800'8355    0x30  Code  Gb  stm32f4xx_hal.o [1]
HAL_InitTick             0x800'7405    0x4c  Code  Wk  stm32f4xx_hal.o [1]
HAL_MspInit              0x800'8b89    0x48  Code  Gb  stm32f4xx_hal_msp.o [1]
HAL_NVIC_EnableIRQ       0x800'73cb     0xe  Code  Gb  stm32f4xx_hal_cortex.o [1]
HAL_NVIC_SetPriority     0x800'73a1    0x2a  Code  Gb  stm32f4xx_hal_cortex.o [1]
HAL_NVIC_SetPriorityGrouping
                         0x800'7395     0xc  Code  Gb  stm32f4xx_hal_cortex.o [1]
HAL_RCC_CAN1_CLK_ENABLED
                        0x2000'531c     0x4  Data  Lc  can.o [1]
HAL_RCC_ClockConfig      0x800'56a5   0x140  Code  Gb  stm32f4xx_hal_rcc.o [1]
HAL_RCC_GetHCLKFreq      0x800'57e5     0x6  Code  Gb  stm32f4xx_hal_rcc.o [1]
HAL_RCC_GetPCLK1Freq     0x800'57eb    0x16  Code  Gb  stm32f4xx_hal_rcc.o [1]
HAL_RCC_GetPCLK2Freq     0x800'5801    0x16  Code  Gb  stm32f4xx_hal_rcc.o [1]
HAL_RCC_OscConfig        0x800'86c1   0x3ec  Code  Wk  stm32f4xx_hal_rcc.o [1]
HAL_SPI_Init             0x800'93b1    0xce  Code  Gb  stm32f4xx_hal_spi.o [1]
HAL_SPI_MspInit          0x800'8645    0x66  Code  Gb  spi.o [1]
HAL_SYSTICK_Config       0x800'73d9     0xc  Code  Gb  stm32f4xx_hal_cortex.o [1]
HAL_TIMEx_BreakCallback
                         0x800'9489     0x2  Code  Wk  stm32f4xx_hal_tim_ex.o [1]
HAL_TIMEx_CommutCallback
                         0x800'948d     0x2  Code  Wk  stm32f4xx_hal_tim_ex.o [1]
HAL_TIMEx_MasterConfigSynchronization
                         0x800'9305    0x8e  Code  Gb  stm32f4xx_hal_tim_ex.o [1]
HAL_TIM_Base_Init        0x800'8bd1    0x6e  Code  Gb  stm32f4xx_hal_tim.o [1]
HAL_TIM_Base_MspInit     0x800'855f    0x36  Code  Gb  tim.o [1]
HAL_TIM_ConfigClockSource
                         0x800'8f1f    0xf4  Code  Gb  stm32f4xx_hal_tim.o [1]
HAL_TIM_IRQHandler       0x800'8cad   0x176  Code  Gb  stm32f4xx_hal_tim.o [1]
HAL_TIM_MspPostInit      0x800'8595    0x50  Code  Gb  tim.o [1]
HAL_TIM_PWM_ConfigChannel
                         0x800'8e23    0xfc  Code  Gb  stm32f4xx_hal_tim.o [1]
HAL_TIM_PWM_Init         0x800'8c3f    0x6e  Code  Gb  stm32f4xx_hal_tim.o [1]
HAL_UARTEx_RxEventCallback
                         0x800'5613     0x2  Code  Gb  Callback.o [1]
HAL_UART_IRQHandler      0x800'1d1f   0x2cc  Code  Gb  stm32f4xx_hal_uart.o [1]
HAL_UART_Init            0x800'1b89    0x76  Code  Gb  stm32f4xx_hal_uart.o [1]
HAL_UART_MspInit         0x800'52e7   0x1e0  Code  Gb  usart.o [1]
HAL_UART_Receive_IT      0x800'1cd7    0x48  Code  Gb  stm32f4xx_hal_uart.o [1]
HAL_UART_RxCpltCallback
                         0x800'5615    0x70  Code  Gb  Callback.o [1]
HAL_UART_Transmit        0x800'1bff    0xd8  Code  Gb  stm32f4xx_hal_uart.o [1]
HardFault_Handler        0x800'9493     0x2  Code  Gb  stm32f4xx_it.o [1]
IMU_Vw                  0x2000'53bc     0x4  Data  Gb  RobotControl.o [1]
IMU_data                0x2000'5308     0x8  Data  Lc  SBUS.o [1]
IMU_index               0x2000'5435     0x1  Data  Gb  SBUS.o [1]
IMU_yaw                 0x2000'53b8     0x4  Data  Gb  RobotControl.o [1]
IOTask                   0x800'0ef5   0x2f8  Code  Gb  freertos.o [1]
IOcontrolHandle         0x2000'534c     0x4  Data  Gb  freertos.o [1]
IOcontrol_attributes     0x800'963c    0x24  Data  Gb  freertos.o [1]
KernelState             0x2000'5320     0x4  Data  Lc  cmsis_os2.o [1]
L                        0x800'97f8     0x8  Data  Gb  RobotControl.o [1]
Laser_Data_1            0x2000'53a8     0x4  Data  Gb  RobotControl.o [1]
Laser_Data_2            0x2000'53ac     0x4  Data  Gb  RobotControl.o [1]
Laser_Data_3            0x2000'53b0     0x4  Data  Gb  RobotControl.o [1]
Laser_Data_4            0x2000'53b4     0x4  Data  Gb  RobotControl.o [1]
Laser_Data_Analyse       0x800'15f5    0x68  Code  Gb  SBUS.o [1]
Laser_index             0x2000'5434     0x1  Data  Gb  SBUS.o [1]
Laser_value             0x2000'5300     0x8  Data  Lc  SBUS.o [1]
M3508                   0x2000'4818   0x1b0  Data  Gb  M3508.o [1]
M3508SpeedPID1          0x2000'0000    0x24  Data  Gb  M3508.o [1]
M3508SpeedPID2          0x2000'0024    0x24  Data  Gb  M3508.o [1]
M3508SpeedPID3          0x2000'0048    0x24  Data  Gb  M3508.o [1]
M3508SpeedPID4          0x2000'006c    0x24  Data  Gb  M3508.o [1]
M3508SpeedPID5          0x2000'0090    0x24  Data  Gb  M3508.o [1]
M3508SpeedPID6          0x2000'00b4    0x24  Data  Gb  M3508.o [1]
M3508SpeedPID7          0x2000'00d8    0x24  Data  Gb  M3508.o [1]
M3508SpeedPID8          0x2000'00fc    0x24  Data  Gb  M3508.o [1]
M3508_Analyze            0x800'3be1   0x1ac  Code  Gb  M3508.o [1]
M3508_Motor_Send_Current
                         0x800'3f41    0xe2  Code  Gb  M3508.o [1]
M3508_Motor_Send_Current_h
                         0x800'4023    0xe4  Code  Gb  M3508.o [1]
M3508_Motor_Speed_Ctrl   0x800'3d8d   0x1b4  Code  Gb  M3508.o [1]
M3508_Task               0x800'11fd    0xbe  Code  Gb  freertos.o [1]
M3508_controlHandle     0x2000'5350     0x4  Data  Gb  freertos.o [1]
M3508_control_attributes
                         0x800'9660    0x24  Data  Gb  freertos.o [1]
MX_CAN1_Init             0x800'7899    0x4a  Code  Gb  can.o [1]
MX_CAN2_Init             0x800'78e3    0x4a  Code  Gb  can.o [1]
MX_FREERTOS_Init         0x800'0189    0xb8  Code  Gb  freertos.o [1]
MX_GPIO_Init             0x800'8389   0x124  Code  Gb  gpio.o [1]
MX_SPI2_Init             0x800'85fd    0x48  Code  Gb  spi.o [1]
MX_TIM4_Init             0x800'84ad    0xb2  Code  Gb  tim.o [1]
MX_USART1_UART_Init      0x800'51e9    0x46  Code  Gb  usart.o [1]
MX_USART2_UART_Init      0x800'522f    0x38  Code  Gb  usart.o [1]
MX_USART3_UART_Init      0x800'5267    0x3a  Code  Gb  usart.o [1]
MX_USART6_UART_Init      0x800'52a1    0x46  Code  Gb  usart.o [1]
MemManage_Handler        0x800'9495     0x2  Code  Gb  stm32f4xx_it.o [1]
Move_Certain_W_PID       0x800'339d   0x140  Code  Gb  RobotControl.o [1]
Move_Distance_Laser      0x800'2dc5   0x5d4  Code  Gb  RobotControl.o [1]
Move_Distance_Laser_3    0x800'3935   0x258  Code  Gb  RobotControl.o [1]
NMI_Handler              0x800'9491     0x2  Code  Gb  stm32f4xx_it.o [1]
NVIC_EncodePriority      0x800'7325    0x40  Code  Lc  stm32f4xx_hal_cortex.o [1]
NewControllerData       0x2000'52e0     0xc  Data  Gb  SBUS.o [1]
NewControllerData_pre   0x2000'52ec     0xc  Data  Gb  SBUS.o [1]
NewController_index     0x2000'5437     0x1  Data  Gb  SBUS.o [1]
PIDCal                   0x800'25c5    0xc6  Code  Gb  PID.o [1]
PIDCal_pos               0x800'268d   0x186  Code  Gb  PID.o [1]
PID_Vx_Laser_area2       0x800'3745   0x1c6  Code  Gb  RobotControl.o [1]
PID_Vx_move_distance    0x2000'012c    0x24  Data  Gb  RobotControl.o [1]
PID_Vy_Laser_area2       0x800'3569   0x1c0  Code  Gb  RobotControl.o [1]
PID_Vy_move_distance    0x2000'0150    0x24  Data  Gb  RobotControl.o [1]
PID_w_move_distance     0x2000'0174    0x24  Data  Gb  RobotControl.o [1]
Paw_Command             0x2000'01ad     0x1  Data  Gb  usart.o [1]
PendSV_Handler           0x800'7b19          Code  Gb  portasm.o [1]
PositionHandle          0x2000'5344     0x4  Data  Gb  freertos.o [1]
PositionTask             0x800'0565   0x6d4  Code  Gb  freertos.o [1]
Position_attributes      0x800'95f4    0x24  Data  Gb  freertos.o [1]
Region$$Table$$Base      0x800'96f0           --   Gb  - Linker created -
Region$$Table$$Limit     0x800'9710           --   Gb  - Linker created -
Release_Seed_Flag       0x2000'542d     0x1  Data  Gb  RobotControl.o [1]
RestartHandle           0x2000'5358     0x4  Data  Gb  freertos.o [1]
Restart_Task             0x800'13b5     0xc  Code  Gb  freertos.o [1]
Restart_attributes       0x800'96a8    0x24  Data  Gb  freertos.o [1]
Robot                   0x2000'4ce8    0xc4  Data  Gb  RobotControl.o [1]
Robot_Velocity_To_Wheel_Speed
                         0x800'29c1   0x274  Code  Gb  RobotControl.o [1]
Robot_Velocity_World_To_Self
                         0x800'2cd5    0xe4  Code  Gb  RobotControl.o [1]
SBUS                    0x2000'51f8    0x24  Data  Gb  SBUS.o [1]
SBUSHandle              0x2000'533c     0x4  Data  Gb  freertos.o [1]
SBUSTask                 0x800'02fd   0x1ea  Code  Gb  freertos.o [1]
SBUS_Analyse_Switch      0x800'1581    0x72  Code  Gb  SBUS.o [1]
SBUS_Receive_Analyze     0x800'165d   0x470  Code  Gb  SBUS.o [1]
SBUS_attributes          0x800'95ac    0x24  Data  Gb  freertos.o [1]
SBUS_ch                 0x2000'5431     0x1  Data  Gb  SBUS.o [1]
SBUS_count              0x2000'5433     0x1  Data  Gb  SBUS.o [1]
SBUS_step               0x2000'5432     0x1  Data  Gb  SBUS.o [1]
SBUS_vaule              0x2000'521c    0x20  Data  Lc  SBUS.o [1]
SVC_Handler              0x800'7b71          Code  Gb  portasm.o [1]
SVC_Setup                0x800'13f1     0xe  Code  Lc  cmsis_os2.o [1]
SerialPlot_SendHandle   0x2000'5354     0x4  Data  Gb  freertos.o [1]
SerialPlot_Send_attributes
                         0x800'9684    0x24  Data  Gb  freertos.o [1]
SerialPlot_Task          0x800'12c1    0x72  Code  Gb  freertos.o [1]
ShootBall_Num           0x2000'01a4     0x8  Data  Gb  usart.o [1]
SpeedHandle             0x2000'5348     0x4  Data  Gb  freertos.o [1]
SpeedTask                0x800'0cdd   0x1d0  Code  Gb  freertos.o [1]
Speed_Limit             0x2000'0124     0x4  Data  Gb  RobotControl.o [1]
Speed_Limit_w           0x2000'0128     0x4  Data  Gb  RobotControl.o [1]
Speed_attributes         0x800'9618    0x24  Data  Gb  freertos.o [1]
StartDefaultTask         0x800'0241    0xae  Code  Gb  freertos.o [1]
SysTick_Config           0x800'7365    0x30  Code  Lc  stm32f4xx_hal_cortex.o [1]
SysTick_Handler          0x800'949d    0x14  Code  Gb  stm32f4xx_it.o [1]
SystemClock_Config       0x800'6f71    0xa2  Code  Gb  main.o [1]
SystemCoreClock         0x2000'01a0     0x4  Data  Gb  system_stm32f4xx.o [1]
SystemInit               0x800'9799     0xc  Code  Gb  system_stm32f4xx.o [1]
TIM4_IRQHandler          0x800'94c7     0xa  Code  Gb  stm32f4xx_it.o [1]
TIM_Base_SetConfig       0x800'9013    0xc4  Code  Gb  stm32f4xx_hal_tim.o [1]
TIM_ETR_SetConfig        0x800'92eb    0x18  Code  Gb  stm32f4xx_hal_tim.o [1]
TIM_ITRx_SetConfig       0x800'92db    0x10  Code  Lc  stm32f4xx_hal_tim.o [1]
TIM_OC1_SetConfig        0x800'90d9    0x64  Code  Lc  stm32f4xx_hal_tim.o [1]
TIM_OC2_SetConfig        0x800'913d    0x6e  Code  Gb  stm32f4xx_hal_tim.o [1]
TIM_OC3_SetConfig        0x800'91ab    0x6c  Code  Lc  stm32f4xx_hal_tim.o [1]
TIM_OC4_SetConfig        0x800'9219    0x4c  Code  Lc  stm32f4xx_hal_tim.o [1]
TIM_TI1_ConfigInputStage
                         0x800'9291    0x24  Code  Lc  stm32f4xx_hal_tim.o [1]
TIM_TI2_ConfigInputStage
                         0x800'92b5    0x26  Code  Lc  stm32f4xx_hal_tim.o [1]
UART_DMAAbortOnError     0x800'212d    0x16  Code  Lc  stm32f4xx_hal_uart.o [1]
UART_EndRxTransfer       0x800'20c5    0x66  Code  Lc  stm32f4xx_hal_uart.o [1]
UART_EndTransmit_IT      0x800'21ab    0x20  Code  Lc  stm32f4xx_hal_uart.o [1]
UART_Receive_IT          0x800'21cb    0xf2  Code  Lc  stm32f4xx_hal_uart.o [1]
UART_SetConfig           0x800'22bd   0x2fc  Code  Lc  stm32f4xx_hal_uart.o [1]
UART_Start_Receive_IT    0x800'207b    0x4a  Code  Gb  stm32f4xx_hal_uart.o [1]
UART_Transmit_IT         0x800'2145    0x66  Code  Lc  stm32f4xx_hal_uart.o [1]
UART_WaitOnFlagUntilTimeout
                         0x800'1feb    0x90  Code  Lc  stm32f4xx_hal_uart.o [1]
USART1_IRQHandler        0x800'94d1     0xa  Code  Gb  stm32f4xx_it.o [1]
USART2_IRQHandler        0x800'94db     0xa  Code  Gb  stm32f4xx_it.o [1]
USART3_IRQHandler        0x800'94e5     0xa  Code  Gb  stm32f4xx_it.o [1]
USART6_IRQHandler        0x800'94ef     0xa  Code  Gb  stm32f4xx_it.o [1]
UsageFault_Handler       0x800'9499     0x2  Code  Gb  stm32f4xx_it.o [1]
Vw                      0x2000'5380     0x4  Data  Gb  RobotControl.o [1]
Vw_pre                  0x2000'538c     0x4  Data  Gb  RobotControl.o [1]
Vx                      0x2000'5378     0x4  Data  Gb  RobotControl.o [1]
Vx_pre                  0x2000'5384     0x4  Data  Gb  RobotControl.o [1]
Vy                      0x2000'537c     0x4  Data  Gb  RobotControl.o [1]
Vy_pre                  0x2000'5388     0x4  Data  Gb  RobotControl.o [1]
Wheel_Speed_To_Motor     0x800'2c35    0xa0  Code  Gb  RobotControl.o [1]
WorkChannel             0x2000'0198     0x4  Data  Gb  SBUS.o [1]
__NVIC_EnableIRQ         0x800'72db    0x1e  Code  Lc  stm32f4xx_hal_cortex.o [1]
__NVIC_GetPriorityGrouping
                         0x800'72cf     0xc  Code  Lc  stm32f4xx_hal_cortex.o [1]
__NVIC_SetPriority       0x800'13c1    0x30  Code  Lc  cmsis_os2.o [1]
__NVIC_SetPriority       0x800'72f9    0x2c  Code  Lc  stm32f4xx_hal_cortex.o [1]
__NVIC_SetPriorityGrouping
                         0x800'72ad    0x22  Code  Lc  stm32f4xx_hal_cortex.o [1]
__aeabi_cdcmple          0x800'5b01          Code  Gb  DblCmpLe.o [3]
__aeabi_cdrcmple         0x800'5c71          Code  Gb  DblCmpGe.o [3]
__aeabi_d2f              0x800'515d          Code  Gb  DblToFlt.o [3]
__aeabi_d2iz             0x800'5c35          Code  Gb  DblToS32.o [3]
__aeabi_dadd             0x800'4fe1          Code  Gb  DblAdd.o [3]
__aeabi_ddiv             0x800'4d99          Code  Gb  DblDiv.o [3]
__aeabi_dmul             0x800'4bf5          Code  Gb  DblMul.o [3]
__aeabi_dsub             0x800'5b51          Code  Gb  DblSub.o [3]
__aeabi_f2d              0x800'4bad          Code  Gb  FltToDbl.o [3]
__aeabi_i2d              0x800'51c5          Code  Gb  S32ToDbl.o [3]
__aeabi_ldiv0            0x800'7451          Code  Gb  I64DivZer.o [4]
__aeabi_memclr4          0x800'7021          Code  Gb  ABImemclr4.o [4]
__aeabi_memcpy           0x800'8ae1          Code  Gb  ABImemcpy.o [4]
__aeabi_memcpy4          0x800'8b01          Code  Gb  ABImemcpy.o [4]
__aeabi_memcpy8          0x800'8b01          Code  Gb  ABImemcpy.o [4]
__aeabi_memset           0x800'6705          Code  Gb  ABImemset.o [4]
__aeabi_uldivmod         0x800'58d1          Code  Gb  I64DivMod.o [4]
__cmain                  0x800'9711          Code  Gb  cmain.o [4]
__exit                   0x800'9745    0x14  Code  Gb  exit.o [5]
__iar_Memset             0x800'6705          Code  Gb  ABImemset.o [4]
__iar_Memset4_word       0x800'8aad          Code  Gb  ABImemset48.o [4]
__iar_Memset8_word       0x800'8aad          Code  Gb  ABImemset48.o [4]
__iar_Memset_word        0x800'670d          Code  Gb  ABImemset.o [4]
__iar_Sin64              0x800'7455   0x3aa  Code  Lc  cos_sin64.o [3]
__iar_cos64              0x800'7891     0x4  Code  Gb  cos_sin64.o [3]
__iar_cos_medium         0x800'7891     0x4  Code  Gb  cos_sin64.o [3]
__iar_cos_medium64       0x800'7891     0x4  Code  Gb  cos_sin64.o [3]
__iar_cos_mediuml        0x800'7891     0x4  Code  Gb  cos_sin64.o [3]
__iar_dadd               0x800'5b61          Code  Gb  DblSub.o [3]
__iar_data_init3         0x800'9561    0x28  Code  Gb  data_init.o [4]
__iar_dsub               0x800'4ff1          Code  Gb  DblAdd.o [3]
__iar_dsubStart          0x800'5003          Code  Gb  DblAdd.o [3]
__iar_init_vfp           0x800'96cd          Code  Gb  fpinit_M.o [3]
__iar_packbits_init_single3
                         0x800'9529    0x38  Code  Gb  packbits_init_single.o [4]
__iar_program_start      0x800'97cd          Code  Gb  cstartup_M.o [4]
__iar_sin64              0x800'7895     0x4  Code  Gb  cos_sin64.o [3]
__iar_sin_medium         0x800'7895     0x4  Code  Gb  cos_sin64.o [3]
__iar_sin_medium64       0x800'7895     0x4  Code  Gb  cos_sin64.o [3]
__iar_sin_mediuml        0x800'7895     0x4  Code  Gb  cos_sin64.o [3]
__iar_vfp_cos            0x800'5b37     0xc  Code  Gb  math_wrappers64.o [3]
__iar_vfp_sin            0x800'5b43     0xc  Code  Gb  math_wrappers64.o [3]
__iar_zero_init3         0x800'2827    0x3a  Code  Gb  zero_init3.o [4]
__low_level_init         0x800'972f     0x4  Code  Gb  low_level_init.o [2]
__vector_table           0x800'0000          Data  Gb  startup_stm32f407xx.o [1]
_call_main               0x800'971d          Code  Gb  cmain.o [4]
_exit                    0x800'9739          Code  Gb  cexit.o [4]
_main                    0x800'972b          Code  Gb  cmain.o [4]
area_2                  0x2000'01b2     0x1  Data  Gb  usart.o [1]
can1_filter_init         0x800'7a2b    0x64  Code  Gb  can.o [1]
can2_filter_init         0x800'7a8f    0x4c  Code  Gb  can.o [1]
cos                      0x800'7891     0x4  Code  Gb  cos_sin64.o [3]
cosl                     0x800'7891     0x4  Code  Gb  cos_sin64.o [3]
defaultTaskHandle       0x2000'5338     0x4  Data  Gb  freertos.o [1]
defaultTask_attributes   0x800'9588    0x24  Data  Gb  freertos.o [1]
error_time              0x2000'5424     0x2  Data  Gb  M3508.o [1]
exit                     0x800'9733     0x4  Code  Gb  exit.o [2]
get_ball                0x2000'01b0     0x1  Data  Gb  usart.o [1]
hcan1                   0x2000'51a8    0x28  Data  Gb  can.o [1]
hcan2                   0x2000'51d0    0x28  Data  Gb  can.o [1]
hspi2                   0x2000'4f68    0x58  Data  Gb  spi.o [1]
htim4                   0x2000'5010    0x48  Data  Gb  tim.o [1]
huart1                  0x2000'5058    0x44  Data  Gb  usart.o [1]
huart2                  0x2000'509c    0x44  Data  Gb  usart.o [1]
huart3                  0x2000'50e0    0x44  Data  Gb  usart.o [1]
huart6                  0x2000'5124    0x44  Data  Gb  usart.o [1]
i                       0x2000'5318     0x4  Data  Gb  ACTION.o [1]
jishu_0_w               0x2000'53a4     0x4  Data  Gb  RobotControl.o [1]
jishu_0_x               0x2000'539c     0x4  Data  Gb  RobotControl.o [1]
jishu_0_y               0x2000'53a0     0x4  Data  Gb  RobotControl.o [1]
laser_status            0x2000'542c     0x1  Data  Gb  RobotControl.o [1]
lllflag                 0x2000'5430     0x1  Data  Gb  SBUS.o [1]
main                     0x800'6f35    0x3c  Code  Gb  main.o [1]
move_flag_laser         0x2000'5324     0x4  Data  Gb  freertos.o [1]
next_distance_x         0x2000'5330     0x4  Data  Gb  freertos.o [1]
next_distance_y         0x2000'5334     0x4  Data  Gb  freertos.o [1]
next_pos_x              0x2000'5328     0x4  Data  Gb  freertos.o [1]
next_pos_y              0x2000'532c     0x4  Data  Gb  freertos.o [1]
osDelay                  0x800'1539    0x22  Code  Gb  cmsis_os2.o [1]
osKernelInitialize       0x800'13ff    0x26  Code  Gb  cmsis_os2.o [1]
osKernelStart            0x800'1425    0x30  Code  Gb  cmsis_os2.o [1]
osThreadNew              0x800'1455    0xe4  Code  Gb  cmsis_os2.o [1]
pcInterruptPriorityRegisters
                         0x800'983c     0x4  Data  Lc  port.o [1]
pid_done_ball           0x2000'542a     0x1  Data  Gb  freertos.o [1]
pid_reset                0x800'2819     0xe  Code  Gb  PID.o [1]
pos_ball_x              0x2000'49c8   0x190  Data  Gb  freertos.o [1]
pos_ball_y              0x2000'4b58   0x190  Data  Gb  freertos.o [1]
prvAddCurrentTaskToDelayedList
                         0x800'4b11    0x6c  Code  Lc  tasks.o [1]
prvAddNewTaskToReadyList
                         0x800'433b    0x9e  Code  Lc  tasks.o [1]
prvCheckForValidListAndQueue
                         0x800'6eb9    0x4c  Code  Lc  timers.o [1]
prvCheckForValidListAndQueue{1}{2}{3}{4}::ucStaticTimerQueueStorage
                        0x2000'4dac    0xa0  Data  Lc  timers.o [1]
prvCheckForValidListAndQueue{1}{2}{3}{4}::xStaticTimerQueue
                        0x2000'4fc0    0x50  Data  Lc  timers.o [1]
prvCheckTasksWaitingTermination
                         0x800'498b    0x3e  Code  Lc  tasks.o [1]
prvCopyDataFromQueue     0x800'8201    0x36  Code  Lc  queue.o [1]
prvCopyDataToQueue       0x800'8165    0x9c  Code  Lc  queue.o [1]
prvDeleteTCB             0x800'49cd    0x44  Code  Lc  tasks.o [1]
prvGetNextExpireTime     0x800'6c4b    0x28  Code  Lc  timers.o [1]
prvHeapInit              0x800'6621    0x62  Code  Lc  heap_4.o [1]
prvIdleTask              0x800'4911    0x24  Code  Lc  tasks.o [1]
prvInitialiseNewQueue    0x800'7d37    0x36  Code  Lc  queue.o [1]
prvInitialiseNewTask     0x800'4255    0xe6  Code  Lc  tasks.o [1]
prvInitialiseTaskLists   0x800'4935    0x56  Code  Lc  tasks.o [1]
prvInsertBlockIntoFreeList
                         0x800'6683    0x5e  Code  Lc  heap_4.o [1]
prvInsertTimerInActiveList
                         0x800'6c9b    0x52  Code  Lc  timers.o [1]
prvIsQueueEmpty          0x800'82a5    0x1c  Code  Lc  queue.o [1]
prvIsQueueFull           0x800'82c1    0x1e  Code  Lc  queue.o [1]
prvProcessExpiredTimer   0x800'6b4f    0x6c  Code  Lc  timers.o [1]
prvProcessReceivedCommands
                         0x800'6ced   0x13e  Code  Lc  timers.o [1]
prvProcessTimerOrBlockTask
                         0x800'6bd7    0x74  Code  Lc  timers.o [1]
prvResetNextTaskUnblockTime
                         0x800'4a11    0x26  Code  Lc  tasks.o [1]
prvSampleTimeNow         0x800'6c73    0x28  Code  Lc  timers.o [1]
prvSampleTimeNow::xLastTime
                        0x2000'5420     0x4  Data  Lc  timers.o [1]
prvSwitchTimerLists      0x800'6e2b    0x8e  Code  Lc  timers.o [1]
prvTaskExitError         0x800'682d    0x2a  Code  Lc  port.o [1]
prvTimerTask             0x800'6bbd    0x1a  Code  Lc  timers.o [1]
prvUnlockQueue           0x800'8237    0x6e  Code  Lc  queue.o [1]
pvPortMalloc             0x800'647d   0x128  Code  Gb  heap_4.o [1]
pxCurrentTCB            0x2000'53d4     0x4  Data  Gb  tasks.o [1]
pxCurrentTimerList      0x2000'5410     0x4  Data  Lc  timers.o [1]
pxDelayedTaskList       0x2000'53d8     0x4  Data  Lc  tasks.o [1]
pxEnd                   0x2000'535c     0x4  Data  Lc  heap_4.o [1]
pxOverflowDelayedTaskList
                        0x2000'53dc     0x4  Data  Lc  tasks.o [1]
pxOverflowTimerList     0x2000'5414     0x4  Data  Lc  timers.o [1]
pxPortInitialiseStack    0x800'6805    0x28  Code  Gb  port.o [1]
pxReadyTasksLists       0x2000'3db4   0x460  Data  Lc  tasks.o [1]
sh                      0x2000'4e4c    0x64  Data  Gb  ACTION.o [1]
shoot_ball              0x2000'01b1     0x1  Data  Gb  usart.o [1]
signal_flag             0x2000'5429     0x1  Data  Gb  ACTION.o [1]
sin                      0x800'7895     0x4  Code  Gb  cos_sin64.o [3]
sinl                     0x800'7895     0x4  Code  Gb  cos_sin64.o [3]
temp_x                  0x2000'5310     0x4  Data  Gb  ACTION.o [1]
temp_y                  0x2000'5314     0x4  Data  Gb  ACTION.o [1]
theta1                   0x800'9800     0x8  Data  Gb  RobotControl.o [1]
theta2                   0x800'9808     0x8  Data  Gb  RobotControl.o [1]
ucHeap                  0x2000'01b4  0x3c00  Data  Lc  heap_4.o [1]
ucMaxSysCallPriority    0x2000'542b     0x1  Data  Lc  port.o [1]
ulMaxPRIGROUPValue      0x2000'5374     0x4  Data  Lc  port.o [1]
upper_command           0x2000'542f     0x1  Data  Gb  RobotControl.o [1]
uwTick                  0x2000'53d0     0x4  Data  Gb  stm32f4xx_hal.o [1]
uwTickFreq              0x2000'01ac     0x1  Data  Gb  stm32f4xx_hal.o [1]
uwTickPrio              0x2000'019c     0x4  Data  Gb  stm32f4xx_hal.o [1]
uxCriticalNesting       0x2000'0120     0x4  Data  Lc  port.o [1]
uxCurrentNumberOfTasks  0x2000'53e4     0x4  Data  Lc  tasks.o [1]
uxDeletedTasksWaitingCleanUp
                        0x2000'53e0     0x4  Data  Lc  tasks.o [1]
uxListRemove             0x800'67dd    0x28  Code  Gb  list.o [1]
uxSchedulerSuspended    0x2000'540c     0x4  Data  Lc  tasks.o [1]
uxTaskNumber            0x2000'5400     0x4  Data  Lc  tasks.o [1]
uxTopReadyPriority      0x2000'53ec     0x4  Data  Lc  tasks.o [1]
vApplicationGetIdleTaskMemory
                         0x800'1569    0x18  Code  Wk  cmsis_os2.o [1]
vApplicationGetIdleTaskMemory::Idle_Stack
                        0x2000'4614   0x200  Data  Lc  cmsis_os2.o [1]
vApplicationGetIdleTaskMemory::Idle_TCB
                        0x2000'4eb0    0x5c  Data  Lc  cmsis_os2.o [1]
vApplicationGetTimerTaskMemory
                         0x800'7bc9    0x18  Code  Wk  cmsis_os2.o [1]
vApplicationGetTimerTaskMemory::Timer_Stack
                        0x2000'4214   0x400  Data  Lc  cmsis_os2.o [1]
vApplicationGetTimerTaskMemory::Timer_TCB
                        0x2000'4f0c    0x5c  Data  Lc  cmsis_os2.o [1]
vListInitialise          0x800'676b    0x1e  Code  Gb  list.o [1]
vListInitialiseItem      0x800'6789     0x6  Code  Gb  list.o [1]
vListInsert              0x800'67a7    0x36  Code  Gb  list.o [1]
vListInsertEnd           0x800'678f    0x18  Code  Gb  list.o [1]
vPortEnableVFP           0x800'7bad          Code  Gb  portasm.o [1]
vPortEnterCritical       0x800'6925    0x34  Code  Gb  port.o [1]
vPortExitCritical        0x800'6959    0x2c  Code  Gb  port.o [1]
vPortFree                0x800'65a5    0x7c  Code  Gb  heap_4.o [1]
vPortStartFirstTask      0x800'7b8d          Code  Gb  portasm.o [1]
vPortValidateInterruptPriority
                         0x800'69ad    0x4e  Code  Gb  port.o [1]
vQueueAddToRegistry      0x800'82df    0x26  Code  Gb  queue.o [1]
vQueueWaitForMessageRestricted
                         0x800'8309    0x4c  Code  Gb  queue.o [1]
vTaskDelay               0x800'43d9    0x4e  Code  Gb  tasks.o [1]
vTaskInternalSetTimeOutState
                         0x800'4855    0x12  Code  Gb  tasks.o [1]
vTaskMissedYield         0x800'4901     0xa  Code  Gb  tasks.o [1]
vTaskPlaceOnEventList    0x800'4739    0x34  Code  Gb  tasks.o [1]
vTaskPlaceOnEventListRestricted
                         0x800'4789    0x40  Code  Gb  tasks.o [1]
vTaskStartScheduler      0x800'4427    0x9a  Code  Gb  tasks.o [1]
vTaskSuspendAll          0x800'44c1     0xc  Code  Gb  tasks.o [1]
vTaskSwitchContext       0x800'46c7    0x72  Code  Gb  tasks.o [1]
xActiveTimerList1       0x2000'52b8    0x14  Data  Lc  timers.o [1]
xActiveTimerList2       0x2000'52cc    0x14  Data  Lc  timers.o [1]
xBlockAllocatedBit      0x2000'5370     0x4  Data  Lc  heap_4.o [1]
xDelayedTaskList1       0x2000'5254    0x14  Data  Lc  tasks.o [1]
xDelayedTaskList2       0x2000'5268    0x14  Data  Lc  tasks.o [1]
xFreeBytesRemaining     0x2000'5360     0x4  Data  Lc  heap_4.o [1]
xHeapStructSize          0x800'9838     0x4  Data  Lc  heap_4.o [1]
xIdleTaskHandle         0x2000'5408     0x4  Data  Lc  tasks.o [1]
xMinimumEverFreeBytesRemaining
                        0x2000'5364     0x4  Data  Lc  heap_4.o [1]
xNextTaskUnblockTime    0x2000'5404     0x4  Data  Lc  tasks.o [1]
xNumOfOverflows         0x2000'53fc     0x4  Data  Lc  tasks.o [1]
xNumberOfSuccessfulAllocations
                        0x2000'5368     0x4  Data  Lc  heap_4.o [1]
xNumberOfSuccessfulFrees
                        0x2000'536c     0x4  Data  Lc  heap_4.o [1]
xPendedTicks            0x2000'53f4     0x4  Data  Lc  tasks.o [1]
xPendingReadyList       0x2000'527c    0x14  Data  Lc  tasks.o [1]
xPortStartScheduler      0x800'6857    0xce  Code  Gb  port.o [1]
xPortSysTickHandler      0x800'6985    0x28  Code  Gb  port.o [1]
xQueueGenericCreateStatic
                         0x800'7c75    0xc2  Code  Gb  queue.o [1]
xQueueGenericReset       0x800'7be1    0x94  Code  Gb  queue.o [1]
xQueueGenericSend        0x800'7d6d   0x1a6  Code  Gb  queue.o [1]
xQueueGenericSendFromISR
                         0x800'7f13    0xe4  Code  Gb  queue.o [1]
xQueueReceive            0x800'7ff7   0x16a  Code  Gb  queue.o [1]
xQueueRegistry          0x2000'5168    0x40  Data  Gb  queue.o [1]
xSchedulerRunning       0x2000'53f0     0x4  Data  Lc  tasks.o [1]
xStart                  0x2000'52f8     0x8  Data  Lc  heap_4.o [1]
xSuspendedTaskList      0x2000'52a4    0x14  Data  Lc  tasks.o [1]
xTaskCheckForTimeOut     0x800'486d    0x8e  Code  Gb  tasks.o [1]
xTaskCreate              0x800'41db    0x7a  Code  Gb  tasks.o [1]
xTaskCreateStatic        0x800'413d    0x9e  Code  Gb  tasks.o [1]
xTaskGetSchedulerState   0x800'4a37    0x20  Code  Gb  tasks.o [1]
xTaskGetTickCount        0x800'45b5     0x8  Code  Gb  tasks.o [1]
xTaskIncrementTick       0x800'45bd   0x10a  Code  Gb  tasks.o [1]
xTaskPriorityDisinherit
                         0x800'4a57    0x8e  Code  Gb  tasks.o [1]
xTaskRemoveFromEventList
                         0x800'47c9    0x82  Code  Gb  tasks.o [1]
xTaskResumeAll           0x800'44cd    0xe8  Code  Gb  tasks.o [1]
xTasksWaitingTermination
                        0x2000'5290    0x14  Data  Lc  tasks.o [1]
xTickCount              0x2000'53e8     0x4  Data  Lc  tasks.o [1]
xTimerCreateTimerTask    0x800'6a61    0x6c  Code  Gb  timers.o [1]
xTimerGenericCommand     0x800'6acd    0x82  Code  Gb  timers.o [1]
xTimerQueue             0x2000'5418     0x4  Data  Lc  timers.o [1]
xTimerTaskHandle        0x2000'541c     0x4  Data  Lc  timers.o [1]
xYieldPending           0x2000'53f8     0x4  Data  Lc  tasks.o [1]
x_pre                   0x2000'5390     0x4  Data  Gb  RobotControl.o [1]
y_pre                   0x2000'5394     0x4  Data  Gb  RobotControl.o [1]
yaw_pre                 0x2000'5398     0x4  Data  Gb  RobotControl.o [1]
yaw_temp                0x2000'53c8     0x4  Data  Gb  SBUS.o [1]


[1] = C:\Users\86136\Desktop\蓝场单项赛\2024一车底盘_20240424\2024一车底盘_20240625_1\2024一车底盘_20240605_38s\2024一车底盘_V1(1)\2024一车底盘_V1.1\EWARM\RTS_DJI_C\Obj
[2] = dl7M_tlf.a
[3] = m7M_tls.a
[4] = rt7M_tl.a
[5] = shb_l.a

  38 725 bytes of readonly  code memory
     708 bytes of readonly  data memory
  22 583 bytes of readwrite data memory

Errors: none
Warnings: none
